

================================================================
== Vitis HLS Report for 'pointwise_conv_Pipeline_VITIS_LOOP_77_3'
================================================================
* Date:           Mon Mar 30 21:24:54 2026

* Version:        2025.1 (Build 6135595 on May 21 2025)
* Project:        hls_component
* Solution:       hls (Vivado IP Flow Target)
* Product family: zynquplus
* Target device:  xczu7ev-ffvc1156-2-e


================================================================
== Performance Estimates
================================================================
+ Timing: 
    * Summary: 
    +--------+----------+----------+------------+
    |  Clock |  Target  | Estimated| Uncertainty|
    +--------+----------+----------+------------+
    |ap_clk  |  10.00 ns|  2.838 ns|     2.70 ns|
    +--------+----------+----------+------------+

+ Latency: 
    * Summary: 
    +---------+---------+----------+----------+-----+-----+------------------------------------------------+
    |  Latency (cycles) |  Latency (absolute) |  Interval |                    Pipeline                    |
    |   min   |   max   |    min   |    max   | min | max |                      Type                      |
    +---------+---------+----------+----------+-----+-----+------------------------------------------------+
    |       34|       34|  0.340 us|  0.340 us|   33|   33|  loop auto-rewind stp (delay=0 clock cycles(s))|
    +---------+---------+----------+----------+-----+-----+------------------------------------------------+

    + Detail: 
        * Instance: 
        N/A

        * Loop: 
        +-------------------+---------+---------+----------+-----------+-----------+------+----------+
        |                   |  Latency (cycles) | Iteration|  Initiation Interval  | Trip |          |
        |     Loop Name     |   min   |   max   |  Latency |  achieved |   target  | Count| Pipelined|
        +-------------------+---------+---------+----------+-----------+-----------+------+----------+
        |- VITIS_LOOP_77_3  |       32|       32|         2|          1|          1|    32|       yes|
        +-------------------+---------+---------+----------+-----------+-----------+------+----------+



================================================================
== Utilization Estimates
================================================================
* Summary: 
+-----------------+---------+------+--------+--------+-----+
|       Name      | BRAM_18K|  DSP |   FF   |   LUT  | URAM|
+-----------------+---------+------+--------+--------+-----+
|DSP              |        -|     -|       -|       -|    -|
|Expression       |        -|     -|       0|      31|    -|
|FIFO             |        -|     -|       -|       -|    -|
|Instance         |        -|     -|       -|       -|    -|
|Memory           |        -|     -|       -|       -|    -|
|Multiplexer      |        -|     -|       0|      45|    -|
|Register         |        -|     -|      15|       -|    -|
+-----------------+---------+------+--------+--------+-----+
|Total            |        0|     0|      15|      76|    0|
+-----------------+---------+------+--------+--------+-----+
|Available        |      624|  1728|  460800|  230400|   96|
+-----------------+---------+------+--------+--------+-----+
|Utilization (%)  |        0|     0|      ~0|      ~0|    0|
+-----------------+---------+------+--------+--------+-----+

+ Detail: 
    * Instance: 
    N/A

    * DSP: 
    N/A

    * Memory: 
    N/A

    * FIFO: 
    N/A

    * Expression: 
    +---------------------------+----------+----+---+----+------------+------------+
    |       Variable Name       | Operation| DSP| FF| LUT| Bitwidth P0| Bitwidth P1|
    +---------------------------+----------+----+---+----+------------+------------+
    |add_ln77_fu_74_p2          |         +|   0|  0|  13|           6|           1|
    |ap_block_pp0_stage0_11001  |       and|   0|  0|   2|           1|           1|
    |icmp_ln77_fu_68_p2         |      icmp|   0|  0|  14|           6|           7|
    |ap_enable_pp0              |       xor|   0|  0|   2|           1|           2|
    +---------------------------+----------+----+---+----+------------+------------+
    |Total                      |          |   0|  0|  31|          14|          11|
    +---------------------------+----------+----+---+----+------------+------------+

    * Multiplexer: 
    +-------------------------+----+-----------+-----+-----------+
    |           Name          | LUT| Input Size| Bits| Total Bits|
    +-------------------------+----+-----------+-----+-----------+
    |ap_done_int              |   9|          2|    1|          2|
    |ap_enable_reg_pp0_iter1  |   9|          2|    1|          2|
    |ap_sig_allocacmp_ch_1    |   9|          2|    6|         12|
    |ch_fu_36                 |   9|          2|    6|         12|
    |internal_fifo_blk_n      |   9|          2|    1|          2|
    +-------------------------+----+-----------+-----+-----------+
    |Total                    |  45|         10|   15|         30|
    +-------------------------+----+-----------+-----+-----------+

    * Register: 
    +-------------------------+---+----+-----+-----------+
    |           Name          | FF| LUT| Bits| Const Bits|
    +-------------------------+---+----+-----+-----------+
    |ap_CS_fsm                |  1|   0|    1|          0|
    |ap_done_reg              |  1|   0|    1|          0|
    |ap_enable_reg_pp0_iter1  |  1|   0|    1|          0|
    |ch_1_reg_96              |  6|   0|    6|          0|
    |ch_fu_36                 |  6|   0|    6|          0|
    +-------------------------+---+----+-----+-----------+
    |Total                    | 15|   0|   15|          0|
    +-------------------------+---+----+-----+-----------+



================================================================
== Interface
================================================================
* Summary: 
+------------------------------+-----+-----+------------+-----------------------------------------+--------------+
|           RTL Ports          | Dir | Bits|  Protocol  |              Source Object              |    C Type    |
+------------------------------+-----+-----+------------+-----------------------------------------+--------------+
|ap_clk                        |   in|    1|  ap_ctrl_hs|  pointwise_conv_Pipeline_VITIS_LOOP_77_3|  return value|
|ap_rst                        |   in|    1|  ap_ctrl_hs|  pointwise_conv_Pipeline_VITIS_LOOP_77_3|  return value|
|ap_start                      |   in|    1|  ap_ctrl_hs|  pointwise_conv_Pipeline_VITIS_LOOP_77_3|  return value|
|ap_done                       |  out|    1|  ap_ctrl_hs|  pointwise_conv_Pipeline_VITIS_LOOP_77_3|  return value|
|ap_idle                       |  out|    1|  ap_ctrl_hs|  pointwise_conv_Pipeline_VITIS_LOOP_77_3|  return value|
|ap_ready                      |  out|    1|  ap_ctrl_hs|  pointwise_conv_Pipeline_VITIS_LOOP_77_3|  return value|
|internal_fifo_dout            |   in|   16|     ap_fifo|                            internal_fifo|       pointer|
|internal_fifo_empty_n         |   in|    1|     ap_fifo|                            internal_fifo|       pointer|
|internal_fifo_read            |  out|    1|     ap_fifo|                            internal_fifo|       pointer|
|internal_fifo_num_data_valid  |   in|    7|     ap_fifo|                            internal_fifo|       pointer|
|internal_fifo_fifo_cap        |   in|    7|     ap_fifo|                            internal_fifo|       pointer|
|pixel_channels_address0       |  out|    5|   ap_memory|                           pixel_channels|         array|
|pixel_channels_ce0            |  out|    1|   ap_memory|                           pixel_channels|         array|
|pixel_channels_we0            |  out|    1|   ap_memory|                           pixel_channels|         array|
|pixel_channels_d0             |  out|   16|   ap_memory|                           pixel_channels|         array|
+------------------------------+-----+-----+------------+-----------------------------------------+--------------+

