#-----------------------------------------------------------
# Vivado v2025.1 (64-bit)
# SW Build 6140274 on Thu May 22 00:12:29 MDT 2025
# IP Build 6138677 on Thu May 22 03:10:11 MDT 2025
# SharedData Build 6139179 on Tue May 20 17:58:58 MDT 2025
# Start of session at: Thu Apr  2 20:00:45 2026
# Process ID         : 7368
# Current directory  : D:/vivado_research_project/MOBILENETV2/mobilenetv2_vivado/mobilenetv2_vivado.runs/synth_1
# Command line       : vivado.exe -log mobilenetv2_block.vds -product Vivado -mode batch -messageDb vivado.pb -notrace -source mobilenetv2_block.tcl
# Log file           : D:/vivado_research_project/MOBILENETV2/mobilenetv2_vivado/mobilenetv2_vivado.runs/synth_1/mobilenetv2_block.vds
# Journal file       : D:/vivado_research_project/MOBILENETV2/mobilenetv2_vivado/mobilenetv2_vivado.runs/synth_1\vivado.jou
# Running On         : ARSHAD
# Platform           : Windows Server 2016 or Windows 10
# Operating System   : 26200
# Processor Detail   : 13th Gen Intel(R) Core(TM) i5-1335U
# CPU Frequency      : 2496 MHz
# CPU Physical cores : 10
# CPU Logical cores  : 12
# Host memory        : 16794 MB
# Swap memory        : 10737 MB
# Total Virtual      : 27532 MB
# Available Virtual  : 13477 MB
#-----------------------------------------------------------
source mobilenetv2_block.tcl -notrace
