

================================================================
== Vitis HLS Report for 'Loop_VITIS_LOOP_117_1_proc'
================================================================
* Date:           Mon Mar 30 21:24:54 2026

* Version:        2025.1 (Build 6135595 on May 21 2025)
* Project:        hls_component
* Solution:       hls (Vivado IP Flow Target)
* Product family: zynquplus
* Target device:  xczu7ev-ffvc1156-2-e


================================================================
== Performance Estimates
================================================================
+ Timing: 
    * Summary: 
    +--------+----------+----------+------------+
    |  Clock |  Target  | Estimated| Uncertainty|
    +--------+----------+----------+------------+
    |ap_clk  |  10.00 ns|  7.300 ns|     2.70 ns|
    +--------+----------+----------+------------+

+ Latency: 
    * Summary: 
    +---------+---------+----------+----------+--------+--------+------------------------------------------------+
    |  Latency (cycles) |  Latency (absolute) |     Interval    |                    Pipeline                    |
    |   min   |   max   |    min   |    max   |   min  |   max  |                      Type                      |
    +---------+---------+----------+----------+--------+--------+------------------------------------------------+
    |   100363|   100363|  1.004 ms|  1.004 ms|  100352|  100352|  loop auto-rewind stp (delay=0 clock cycles(s))|
    +---------+---------+----------+----------+--------+--------+------------------------------------------------+

    + Detail: 
        * Instance: 
        N/A

        * Loop: 
        +--------------------+---------+---------+----------+-----------+-----------+--------+----------+
        |                    |  Latency (cycles) | Iteration|  Initiation Interval  |  Trip  |          |
        |      Loop Name     |   min   |   max   |  Latency |  achieved |   target  |  Count | Pipelined|
        +--------------------+---------+---------+----------+-----------+-----------+--------+----------+
        |- VITIS_LOOP_117_1  |   100361|   100361|        11|          1|          1|  100352|       yes|
        +--------------------+---------+---------+----------+-----------+-----------+--------+----------+



================================================================
== Utilization Estimates
================================================================
* Summary: 
+-----------------+---------+------+--------+--------+-----+
|       Name      | BRAM_18K|  DSP |   FF   |   LUT  | URAM|
+-----------------+---------+------+--------+--------+-----+
|DSP              |        -|     -|       -|       -|    -|
|Expression       |        -|     -|       0|      60|    -|
|FIFO             |        -|     -|       -|       -|    -|
|Instance         |        -|     -|       -|       -|    -|
|Memory           |        -|     -|       -|       -|    -|
|Multiplexer      |        -|     -|       0|      63|    -|
|Register         |        -|     -|     121|       -|    -|
+-----------------+---------+------+--------+--------+-----+
|Total            |        0|     0|     121|     123|    0|
+-----------------+---------+------+--------+--------+-----+
|Available        |      624|  1728|  460800|  230400|   96|
+-----------------+---------+------+--------+--------+-----+
|Utilization (%)  |        0|     0|      ~0|      ~0|    0|
+-----------------+---------+------+--------+--------+-----+

+ Detail: 
    * Instance: 
    N/A

    * DSP: 
    N/A

    * Memory: 
    N/A

    * FIFO: 
    N/A

    * Expression: 
    +--------------------------------+----------+----+---+----+------------+------------+
    |          Variable Name         | Operation| DSP| FF| LUT| Bitwidth P0| Bitwidth P1|
    +--------------------------------+----------+----+---+----+------------+------------+
    |i_fu_107_p2                     |         +|   0|  0|  24|          17|           1|
    |ap_block_state2_io_grp1         |       and|   0|  0|   2|           1|           1|
    |ap_condition_234                |       and|   0|  0|   2|           1|           1|
    |ap_condition_319                |       and|   0|  0|   2|           1|           1|
    |icmp_ln117_fu_113_p2            |      icmp|   0|  0|  24|          17|          16|
    |ap_block_pp0_stage0_01001_grp1  |        or|   0|  0|   2|           1|           1|
    |ap_block_pp0_stage0_11001       |        or|   0|  0|   2|           1|           1|
    |ap_enable_pp0                   |       xor|   0|  0|   2|           1|           2|
    +--------------------------------+----------+----+---+----+------------+------------+
    |Total                           |          |   0|  0|  60|          40|          24|
    +--------------------------------+----------+----+---+----+------------+------------+

    * Multiplexer: 
    +-----------------------------------+----+-----------+-----+-----------+
    |                Name               | LUT| Input Size| Bits| Total Bits|
    +-----------------------------------+----+-----------+-----+-----------+
    |ap_done_int                        |   9|          2|    1|          2|
    |ap_loop_exit_ready_pp0_iter10_reg  |   9|          2|    1|          2|
    |ap_sig_allocacmp_i1_load           |   9|          2|   17|         34|
    |gmem0_blk_n_AR                     |   9|          2|    1|          2|
    |gmem0_blk_n_R                      |   9|          2|    1|          2|
    |i1_fu_58                           |   9|          2|   17|         34|
    |input_stream_blk_n                 |   9|          2|    1|          2|
    +-----------------------------------+----+-----------+-----+-----------+
    |Total                              |  63|         14|   39|         78|
    +-----------------------------------+----+-----------+-----+-----------+

    * Register: 
    +-----------------------------------+----+----+-----+-----------+
    |                Name               | FF | LUT| Bits| Const Bits|
    +-----------------------------------+----+----+-----+-----------+
    |ap_CS_fsm                          |   1|   0|    1|          0|
    |ap_done_reg                        |   1|   0|    1|          0|
    |ap_enable_reg_pp0_iter1            |   1|   0|    1|          0|
    |ap_enable_reg_pp0_iter10           |   1|   0|    1|          0|
    |ap_enable_reg_pp0_iter2            |   1|   0|    1|          0|
    |ap_enable_reg_pp0_iter3            |   1|   0|    1|          0|
    |ap_enable_reg_pp0_iter4            |   1|   0|    1|          0|
    |ap_enable_reg_pp0_iter5            |   1|   0|    1|          0|
    |ap_enable_reg_pp0_iter6            |   1|   0|    1|          0|
    |ap_enable_reg_pp0_iter7            |   1|   0|    1|          0|
    |ap_enable_reg_pp0_iter8            |   1|   0|    1|          0|
    |ap_enable_reg_pp0_iter9            |   1|   0|    1|          0|
    |ap_loop_exit_ready_pp0_iter10_reg  |   1|   0|    1|          0|
    |ap_loop_exit_ready_pp0_iter1_reg   |   1|   0|    1|          0|
    |ap_loop_exit_ready_pp0_iter2_reg   |   1|   0|    1|          0|
    |ap_loop_exit_ready_pp0_iter3_reg   |   1|   0|    1|          0|
    |ap_loop_exit_ready_pp0_iter4_reg   |   1|   0|    1|          0|
    |ap_loop_exit_ready_pp0_iter5_reg   |   1|   0|    1|          0|
    |ap_loop_exit_ready_pp0_iter6_reg   |   1|   0|    1|          0|
    |ap_loop_exit_ready_pp0_iter7_reg   |   1|   0|    1|          0|
    |ap_loop_exit_ready_pp0_iter8_reg   |   1|   0|    1|          0|
    |ap_loop_exit_ready_pp0_iter9_reg   |   1|   0|    1|          0|
    |first_iter_0_reg_87                |   1|   0|    1|          0|
    |gmem0_addr_read_reg_166            |  16|   0|   16|          0|
    |i1_fu_58                           |  17|   0|   17|          0|
    |icmp_ln117_reg_156                 |   1|   0|    1|          0|
    |input_tensor_read_reg_151          |  64|   0|   64|          0|
    +-----------------------------------+----+----+-----+-----------+
    |Total                              | 121|   0|  121|          0|
    +-----------------------------------+----+----+-----+-----------+



================================================================
== Interface
================================================================
* Summary: 
+-----------------------------+-----+-----+------------+----------------------------+--------------+
|          RTL Ports          | Dir | Bits|  Protocol  |        Source Object       |    C Type    |
+-----------------------------+-----+-----+------------+----------------------------+--------------+
|ap_clk                       |   in|    1|  ap_ctrl_hs|  Loop_VITIS_LOOP_117_1_proc|  return value|
|ap_rst                       |   in|    1|  ap_ctrl_hs|  Loop_VITIS_LOOP_117_1_proc|  return value|
|ap_start                     |   in|    1|  ap_ctrl_hs|  Loop_VITIS_LOOP_117_1_proc|  return value|
|ap_done                      |  out|    1|  ap_ctrl_hs|  Loop_VITIS_LOOP_117_1_proc|  return value|
|ap_continue                  |   in|    1|  ap_ctrl_hs|  Loop_VITIS_LOOP_117_1_proc|  return value|
|ap_idle                      |  out|    1|  ap_ctrl_hs|  Loop_VITIS_LOOP_117_1_proc|  return value|
|ap_ready                     |  out|    1|  ap_ctrl_hs|  Loop_VITIS_LOOP_117_1_proc|  return value|
|m_axi_gmem0_0_AWVALID        |  out|    1|       m_axi|                       gmem0|       pointer|
|m_axi_gmem0_0_AWREADY        |   in|    1|       m_axi|                       gmem0|       pointer|
|m_axi_gmem0_0_AWADDR         |  out|   64|       m_axi|                       gmem0|       pointer|
|m_axi_gmem0_0_AWID           |  out|    1|       m_axi|                       gmem0|       pointer|
|m_axi_gmem0_0_AWLEN          |  out|   32|       m_axi|                       gmem0|       pointer|
|m_axi_gmem0_0_AWSIZE         |  out|    3|       m_axi|                       gmem0|       pointer|
|m_axi_gmem0_0_AWBURST        |  out|    2|       m_axi|                       gmem0|       pointer|
|m_axi_gmem0_0_AWLOCK         |  out|    2|       m_axi|                       gmem0|       pointer|
|m_axi_gmem0_0_AWCACHE        |  out|    4|       m_axi|                       gmem0|       pointer|
|m_axi_gmem0_0_AWPROT         |  out|    3|       m_axi|                       gmem0|       pointer|
|m_axi_gmem0_0_AWQOS          |  out|    4|       m_axi|                       gmem0|       pointer|
|m_axi_gmem0_0_AWREGION       |  out|    4|       m_axi|                       gmem0|       pointer|
|m_axi_gmem0_0_AWUSER         |  out|    1|       m_axi|                       gmem0|       pointer|
|m_axi_gmem0_0_WVALID         |  out|    1|       m_axi|                       gmem0|       pointer|
|m_axi_gmem0_0_WREADY         |   in|    1|       m_axi|                       gmem0|       pointer|
|m_axi_gmem0_0_WDATA          |  out|   16|       m_axi|                       gmem0|       pointer|
|m_axi_gmem0_0_WSTRB          |  out|    2|       m_axi|                       gmem0|       pointer|
|m_axi_gmem0_0_WLAST          |  out|    1|       m_axi|                       gmem0|       pointer|
|m_axi_gmem0_0_WID            |  out|    1|       m_axi|                       gmem0|       pointer|
|m_axi_gmem0_0_WUSER          |  out|    1|       m_axi|                       gmem0|       pointer|
|m_axi_gmem0_0_ARVALID        |  out|    1|       m_axi|                       gmem0|       pointer|
|m_axi_gmem0_0_ARREADY        |   in|    1|       m_axi|                       gmem0|       pointer|
|m_axi_gmem0_0_ARADDR         |  out|   64|       m_axi|                       gmem0|       pointer|
|m_axi_gmem0_0_ARID           |  out|    1|       m_axi|                       gmem0|       pointer|
|m_axi_gmem0_0_ARLEN          |  out|   32|       m_axi|                       gmem0|       pointer|
|m_axi_gmem0_0_ARSIZE         |  out|    3|       m_axi|                       gmem0|       pointer|
|m_axi_gmem0_0_ARBURST        |  out|    2|       m_axi|                       gmem0|       pointer|
|m_axi_gmem0_0_ARLOCK         |  out|    2|       m_axi|                       gmem0|       pointer|
|m_axi_gmem0_0_ARCACHE        |  out|    4|       m_axi|                       gmem0|       pointer|
|m_axi_gmem0_0_ARPROT         |  out|    3|       m_axi|                       gmem0|       pointer|
|m_axi_gmem0_0_ARQOS          |  out|    4|       m_axi|                       gmem0|       pointer|
|m_axi_gmem0_0_ARREGION       |  out|    4|       m_axi|                       gmem0|       pointer|
|m_axi_gmem0_0_ARUSER         |  out|    1|       m_axi|                       gmem0|       pointer|
|m_axi_gmem0_0_RVALID         |   in|    1|       m_axi|                       gmem0|       pointer|
|m_axi_gmem0_0_RREADY         |  out|    1|       m_axi|                       gmem0|       pointer|
|m_axi_gmem0_0_RDATA          |   in|   16|       m_axi|                       gmem0|       pointer|
|m_axi_gmem0_0_RLAST          |   in|    1|       m_axi|                       gmem0|       pointer|
|m_axi_gmem0_0_RID            |   in|    1|       m_axi|                       gmem0|       pointer|
|m_axi_gmem0_0_RFIFONUM       |   in|   10|       m_axi|                       gmem0|       pointer|
|m_axi_gmem0_0_RUSER          |   in|    1|       m_axi|                       gmem0|       pointer|
|m_axi_gmem0_0_RRESP          |   in|    2|       m_axi|                       gmem0|       pointer|
|m_axi_gmem0_0_BVALID         |   in|    1|       m_axi|                       gmem0|       pointer|
|m_axi_gmem0_0_BREADY         |  out|    1|       m_axi|                       gmem0|       pointer|
|m_axi_gmem0_0_BRESP          |   in|    2|       m_axi|                       gmem0|       pointer|
|m_axi_gmem0_0_BID            |   in|    1|       m_axi|                       gmem0|       pointer|
|m_axi_gmem0_0_BUSER          |   in|    1|       m_axi|                       gmem0|       pointer|
|input_stream_din             |  out|   16|     ap_fifo|                input_stream|       pointer|
|input_stream_full_n          |   in|    1|     ap_fifo|                input_stream|       pointer|
|input_stream_write           |  out|    1|     ap_fifo|                input_stream|       pointer|
|input_stream_num_data_valid  |   in|    3|     ap_fifo|                input_stream|       pointer|
|input_stream_fifo_cap        |   in|    3|     ap_fifo|                input_stream|       pointer|
|input_tensor                 |   in|   64|     ap_none|                input_tensor|        scalar|
+-----------------------------+-----+-----+------------+----------------------------+--------------+

============================================================
+ Verbose Summary: Synthesis Manager
============================================================
InlineROM: 1
ExposeGlobal: 0
============================================================
+ Verbose Summary: CDFG Model
============================================================
IsTopModel: 0
ResetActiveHigh: 1
IsCombinational: 2
IsDatapathOnly: 0
HasWiredReturn: 1
HasMFsm: 2
HasVarLatency: 1
IsPipeline: 0
IsRtlPipelined: 0
IsInstanceOverlapped: 0
IsDontTouch: 0
HasImplIP: 0
IsGatedGlobalClock: 0

+ Individual pipeline summary: 
  * Pipeline-0: initiation interval (II) = 1, depth = 11


============================================================
+ Verbose Summary: Schedule
============================================================
* Number of FSM states : 11
* Pipeline : 1
  Pipeline-0 : II = 1, D = 11, States = { 1 2 3 4 5 6 7 8 9 10 11 }
* Dataflow Pipeline: 0

* FSM state transitions: 
1 --> 2 
2 --> 3 
3 --> 4 
4 --> 5 
5 --> 6 
6 --> 7 
7 --> 8 
8 --> 9 
9 --> 10 
10 --> 11 
11 --> 

* FSM state operations: 

State 1 <SV = 0> <Delay = 1.71>
ST_1 : Operation 14 [1/1] (0.00ns)   --->   "%i1 = alloca i32 1"   --->   Operation 14 'alloca' 'i1' <Predicate = true> <Delay = 0.00>
ST_1 : Operation 15 [1/1] (0.00ns)   --->   "%specinterface_ln0 = specinterface void @_ssdm_op_SpecInterface, i16 %input_stream, void @empty_11, i32 0, i32 0, void @empty_0, i32 0, i32 0, void @empty_0, void @empty_0, void @empty_0, i32 0, i32 0, i32 0, i32 0, void @empty_0, void @empty_0, i32 4294967295, i32 0, i32 0"   --->   Operation 15 'specinterface' 'specinterface_ln0' <Predicate = true> <Delay = 0.00>
ST_1 : Operation 16 [1/1] (0.00ns)   --->   "%specinterface_ln0 = specinterface void @_ssdm_op_SpecInterface, i16 %gmem0, void @empty, i32 0, i32 0, void @empty_0, i32 0, i32 0, void @empty_1, void @empty_2, void @empty_0, i32 16, i32 16, i32 16, i32 16, void @empty_0, void @empty_0, i32 4294967295, i32 0, i32 0"   --->   Operation 16 'specinterface' 'specinterface_ln0' <Predicate = true> <Delay = 0.00>
ST_1 : Operation 17 [1/1] (0.00ns)   --->   "%input_tensor_read = read i64 @_ssdm_op_Read.ap_auto.i64, i64 %input_tensor" [MobileNetV2.cpp:117->MobileNetV2.cpp:117]   --->   Operation 17 'read' 'input_tensor_read' <Predicate = true> <Delay = 0.00>
ST_1 : Operation 18 [1/1] (0.42ns)   --->   "%store_ln0 = store i17 0, i17 %i1"   --->   Operation 18 'store' 'store_ln0' <Predicate = true> <Delay = 0.42>
ST_1 : Operation 19 [1/1] (0.42ns)   --->   "%br_ln117 = br void %new.header" [MobileNetV2.cpp:117->MobileNetV2.cpp:117]   --->   Operation 19 'br' 'br_ln117' <Predicate = true> <Delay = 0.42>
ST_1 : Operation 20 [1/1] (0.00ns)   --->   "%first_iter_0 = phi i1 1, void %newFuncRoot, i1 0, void %for.inc.split.i"   --->   Operation 20 'phi' 'first_iter_0' <Predicate = true> <Delay = 0.00>
ST_1 : Operation 21 [1/1] (0.00ns)   --->   "%br_ln0 = br i1 %first_iter_0, void %for.inc.split.i, void %for.first.iter.for.inc.split.i"   --->   Operation 21 'br' 'br_ln0' <Predicate = true> <Delay = 0.00>
ST_1 : Operation 22 [1/1] (0.00ns)   --->   "%i1_load = load i17 %i1" [MobileNetV2.cpp:117->MobileNetV2.cpp:117]   --->   Operation 22 'load' 'i1_load' <Predicate = true> <Delay = 0.00>
ST_1 : Operation 23 [1/1] (0.86ns)   --->   "%i = add i17 %i1_load, i17 1" [MobileNetV2.cpp:117->MobileNetV2.cpp:117]   --->   Operation 23 'add' 'i' <Predicate = true> <Delay = 0.86> <CoreInst = "Adder">   --->   Core 1 'Adder' <Latency = 0> <II = 1> <Delay = 0.86> <FuncUnit> <Opcode : 'add' 'sub'> <InPorts = 2> <OutPorts = 1>
ST_1 : Operation 24 [1/1] (0.86ns)   --->   "%icmp_ln117 = icmp_eq  i17 %i1_load, i17 100351" [MobileNetV2.cpp:117->MobileNetV2.cpp:117]   --->   Operation 24 'icmp' 'icmp_ln117' <Predicate = true> <Delay = 0.86> <CoreInst = "Cmp">   --->   Core 9 'Cmp' <Latency = 0> <II = 1> <Delay = 0.86> <FuncUnit> <Opcode : 'seteq' 'setne' 'setle' 'setge' 'setlt' 'setgt'> <InPorts = 2> <OutPorts = 1>
ST_1 : Operation 25 [1/1] (0.42ns)   --->   "%store_ln117 = store i17 %i, i17 %i1" [MobileNetV2.cpp:117->MobileNetV2.cpp:117]   --->   Operation 25 'store' 'store_ln117' <Predicate = true> <Delay = 0.42>
ST_1 : Operation 26 [1/1] (0.00ns)   --->   "%br_ln117 = br i1 %icmp_ln117, void %new.header, void %Loop_VITIS_LOOP_117_1_proc.1.exit" [MobileNetV2.cpp:117->MobileNetV2.cpp:117]   --->   Operation 26 'br' 'br_ln117' <Predicate = true> <Delay = 0.00>

State 2 <SV = 1> <Delay = 7.30>
ST_2 : Operation 27 [1/1] (0.00ns)   --->   "%trunc_ln = partselect i63 @_ssdm_op_PartSelect.i63.i64.i32.i32, i64 %input_tensor_read, i32 1, i32 63" [MobileNetV2.cpp:117]   --->   Operation 27 'partselect' 'trunc_ln' <Predicate = true> <Delay = 0.00>
ST_2 : Operation 28 [1/1] (0.00ns)   --->   "%sext_ln117 = sext i63 %trunc_ln" [MobileNetV2.cpp:117]   --->   Operation 28 'sext' 'sext_ln117' <Predicate = true> <Delay = 0.00>
ST_2 : Operation 29 [1/1] (0.00ns)   --->   "%gmem0_addr = getelementptr i16 %gmem0, i64 %sext_ln117" [MobileNetV2.cpp:117]   --->   Operation 29 'getelementptr' 'gmem0_addr' <Predicate = true> <Delay = 0.00>
ST_2 : Operation 30 [8/8] (7.30ns)   --->   "%empty = readreq i1 @_ssdm_op_ReadReq.m_axi.p1i16, i64 %gmem0_addr, i64 100352" [MobileNetV2.cpp:117]   --->   Operation 30 'readreq' 'empty' <Predicate = (first_iter_0)> <Delay = 7.30> <CoreInst = "m_axi">   --->   Core 119 'm_axi' <Latency = 6> <II = 1> <Delay = 1.00> <Adapter> <Opcode : 'read' 'write' 'readreq' 'writereq' 'writeresp'>

State 3 <SV = 2> <Delay = 7.30>
ST_3 : Operation 31 [7/8] (7.30ns)   --->   "%empty = readreq i1 @_ssdm_op_ReadReq.m_axi.p1i16, i64 %gmem0_addr, i64 100352" [MobileNetV2.cpp:117]   --->   Operation 31 'readreq' 'empty' <Predicate = (first_iter_0)> <Delay = 7.30> <CoreInst = "m_axi">   --->   Core 119 'm_axi' <Latency = 6> <II = 1> <Delay = 1.00> <Adapter> <Opcode : 'read' 'write' 'readreq' 'writereq' 'writeresp'>

State 4 <SV = 3> <Delay = 7.30>
ST_4 : Operation 32 [6/8] (7.30ns)   --->   "%empty = readreq i1 @_ssdm_op_ReadReq.m_axi.p1i16, i64 %gmem0_addr, i64 100352" [MobileNetV2.cpp:117]   --->   Operation 32 'readreq' 'empty' <Predicate = (first_iter_0)> <Delay = 7.30> <CoreInst = "m_axi">   --->   Core 119 'm_axi' <Latency = 6> <II = 1> <Delay = 1.00> <Adapter> <Opcode : 'read' 'write' 'readreq' 'writereq' 'writeresp'>

State 5 <SV = 4> <Delay = 7.30>
ST_5 : Operation 33 [5/8] (7.30ns)   --->   "%empty = readreq i1 @_ssdm_op_ReadReq.m_axi.p1i16, i64 %gmem0_addr, i64 100352" [MobileNetV2.cpp:117]   --->   Operation 33 'readreq' 'empty' <Predicate = (first_iter_0)> <Delay = 7.30> <CoreInst = "m_axi">   --->   Core 119 'm_axi' <Latency = 6> <II = 1> <Delay = 1.00> <Adapter> <Opcode : 'read' 'write' 'readreq' 'writereq' 'writeresp'>

State 6 <SV = 5> <Delay = 7.30>
ST_6 : Operation 34 [4/8] (7.30ns)   --->   "%empty = readreq i1 @_ssdm_op_ReadReq.m_axi.p1i16, i64 %gmem0_addr, i64 100352" [MobileNetV2.cpp:117]   --->   Operation 34 'readreq' 'empty' <Predicate = (first_iter_0)> <Delay = 7.30> <CoreInst = "m_axi">   --->   Core 119 'm_axi' <Latency = 6> <II = 1> <Delay = 1.00> <Adapter> <Opcode : 'read' 'write' 'readreq' 'writereq' 'writeresp'>

State 7 <SV = 6> <Delay = 7.30>
ST_7 : Operation 35 [3/8] (7.30ns)   --->   "%empty = readreq i1 @_ssdm_op_ReadReq.m_axi.p1i16, i64 %gmem0_addr, i64 100352" [MobileNetV2.cpp:117]   --->   Operation 35 'readreq' 'empty' <Predicate = (first_iter_0)> <Delay = 7.30> <CoreInst = "m_axi">   --->   Core 119 'm_axi' <Latency = 6> <II = 1> <Delay = 1.00> <Adapter> <Opcode : 'read' 'write' 'readreq' 'writereq' 'writeresp'>

State 8 <SV = 7> <Delay = 7.30>
ST_8 : Operation 36 [2/8] (7.30ns)   --->   "%empty = readreq i1 @_ssdm_op_ReadReq.m_axi.p1i16, i64 %gmem0_addr, i64 100352" [MobileNetV2.cpp:117]   --->   Operation 36 'readreq' 'empty' <Predicate = (first_iter_0)> <Delay = 7.30> <CoreInst = "m_axi">   --->   Core 119 'm_axi' <Latency = 6> <II = 1> <Delay = 1.00> <Adapter> <Opcode : 'read' 'write' 'readreq' 'writereq' 'writeresp'>

State 9 <SV = 8> <Delay = 7.30>
ST_9 : Operation 37 [1/8] (7.30ns)   --->   "%empty = readreq i1 @_ssdm_op_ReadReq.m_axi.p1i16, i64 %gmem0_addr, i64 100352" [MobileNetV2.cpp:117]   --->   Operation 37 'readreq' 'empty' <Predicate = (first_iter_0)> <Delay = 7.30> <CoreInst = "m_axi">   --->   Core 119 'm_axi' <Latency = 6> <II = 1> <Delay = 1.00> <Adapter> <Opcode : 'read' 'write' 'readreq' 'writereq' 'writeresp'>
ST_9 : Operation 38 [1/1] (0.00ns)   --->   "%br_ln0 = br void %for.inc.split.i"   --->   Operation 38 'br' 'br_ln0' <Predicate = (first_iter_0)> <Delay = 0.00>

State 10 <SV = 9> <Delay = 7.30>
ST_10 : Operation 39 [1/1] (7.30ns)   --->   "%gmem0_addr_read = read i16 @_ssdm_op_Read.m_axi.p1i16, i64 %gmem0_addr" [MobileNetV2.cpp:117->MobileNetV2.cpp:117]   --->   Operation 39 'read' 'gmem0_addr_read' <Predicate = true> <Delay = 7.30> <CoreInst = "m_axi">   --->   Core 119 'm_axi' <Latency = 3> <II = 1> <Delay = 1.00> <Adapter> <Opcode : 'read' 'write' 'readreq' 'writereq' 'writeresp'>

State 11 <SV = 10> <Delay = 1.83>
ST_11 : Operation 40 [1/1] (0.00ns)   --->   "%specpipeline_ln117 = specpipeline void @_ssdm_op_SpecPipeline, i32 4294967295, i32 0, i32 0, i32 0, void @empty_0" [MobileNetV2.cpp:117->MobileNetV2.cpp:117]   --->   Operation 40 'specpipeline' 'specpipeline_ln117' <Predicate = true> <Delay = 0.00>
ST_11 : Operation 41 [1/1] (0.00ns)   --->   "%speclooptripcount_ln117 = speclooptripcount void @_ssdm_op_SpecLoopTripCount, i64 100352, i64 100352, i64 100352" [MobileNetV2.cpp:117->MobileNetV2.cpp:117]   --->   Operation 41 'speclooptripcount' 'speclooptripcount_ln117' <Predicate = true> <Delay = 0.00>
ST_11 : Operation 42 [1/1] (0.00ns)   --->   "%specloopname_ln117 = specloopname void @_ssdm_op_SpecLoopName, void @empty_17" [MobileNetV2.cpp:117->MobileNetV2.cpp:117]   --->   Operation 42 'specloopname' 'specloopname_ln117' <Predicate = true> <Delay = 0.00>
ST_11 : Operation 43 [1/1] ( I:1.83ns O:1.83ns )   --->   "%write_ln117 = write void @_ssdm_op_Write.ap_fifo.volatile.i16P0A, i16 %input_stream, i16 %gmem0_addr_read" [MobileNetV2.cpp:117->MobileNetV2.cpp:117]   --->   Operation 43 'write' 'write_ln117' <Predicate = true> <Delay = 1.83> <CoreInst = "FIFO_SRL">   --->   Core 80 'FIFO_SRL' <Latency = 0> <II = 1> <Delay = 1.83> <Storage> <Opcode : 'read' 'write' 'nbread' 'nbwrite'> <Ports = 0> <Width = 16> <Depth = 2> <FIFO>
ST_11 : Operation 44 [1/1] (0.42ns)   --->   "%ret_ln0 = ret"   --->   Operation 44 'ret' 'ret_ln0' <Predicate = (icmp_ln117)> <Delay = 0.42>


============================================================
+ Verbose Summary: Binding
============================================================
STG Binding: 
---------------- STG Properties BEGIN ----------------
- Is combinational: 0
- Is one-state seq: 0
- Is datapath-only: 0
- Is pipelined: 0
- Is top level: 0
Port [ Return ] is wired: 1; IO mode=ap_ctrl_hs:ce=0
Port [ input_tensor]:  wired=1; compound=0; hidden=0; nouse=0; global=0; static=0; extern=0; dir=0; type=0; pingpong=0; private_global=0; IO mode=ap_none:ce=0
Port [ gmem0]:  wired=1; compound=1; hidden=0; nouse=0; global=0; static=0; extern=0; dir=0; type=4; pingpong=0; private_global=0; IO mode=m_axi:ce=0
Port [ input_stream]:  wired=1; compound=1; hidden=0; nouse=0; global=0; static=0; extern=0; dir=1; type=3; pingpong=0; private_global=0; IO mode=ap_fifo:ce=0
---------------- STG Properties END ------------------

---------------- Datapath Model BEGIN ----------------

<LifeTime>
<method=bitvector/>
i1                      (alloca           ) [ 010000000000]
specinterface_ln0       (specinterface    ) [ 000000000000]
specinterface_ln0       (specinterface    ) [ 000000000000]
input_tensor_read       (read             ) [ 011000000000]
store_ln0               (store            ) [ 000000000000]
br_ln117                (br               ) [ 000000000000]
first_iter_0            (phi              ) [ 011111111100]
br_ln0                  (br               ) [ 000000000000]
i1_load                 (load             ) [ 000000000000]
i                       (add              ) [ 000000000000]
icmp_ln117              (icmp             ) [ 011111111111]
store_ln117             (store            ) [ 000000000000]
br_ln117                (br               ) [ 010000000000]
trunc_ln                (partselect       ) [ 000000000000]
sext_ln117              (sext             ) [ 000000000000]
gmem0_addr              (getelementptr    ) [ 010111111110]
empty                   (readreq          ) [ 000000000000]
br_ln0                  (br               ) [ 000000000000]
gmem0_addr_read         (read             ) [ 010000000001]
specpipeline_ln117      (specpipeline     ) [ 000000000000]
speclooptripcount_ln117 (speclooptripcount) [ 000000000000]
specloopname_ln117      (specloopname     ) [ 000000000000]
write_ln117             (write            ) [ 000000000000]
ret_ln0                 (ret              ) [ 000000000000]
</LifeTime>

<model>

<comp_list>
<comp id="0" class="1000" name="input_tensor">
<pin_list>
<pin id="1" dir="1" index="0" bw="1" slack="0"/>
</pin_list>
<bind>
<StgValue><ssdm name="input_tensor"/></StgValue>
</bind>
</comp>

<comp id="2" class="1000" name="gmem0">
<pin_list>
<pin id="3" dir="1" index="0" bw="1" slack="0"/>
</pin_list>
<bind>
<StgValue><ssdm name="gmem0"/><MemPortTyVec>0 </MemPortTyVec>
</StgValue>
</bind>
</comp>

<comp id="4" class="1000" name="input_stream">
<pin_list>
<pin id="5" dir="1" index="0" bw="1" slack="0"/>
</pin_list>
<bind>
<StgValue><ssdm name="input_stream"/></StgValue>
</bind>
</comp>

<comp id="6" class="1001" name="const_6">
<pin_list>
<pin id="7" dir="1" index="0" bw="1" slack="0"/>
</pin_list>
<bind>
<StgValue><ssdm name=""/></StgValue>
</bind>
</comp>

<comp id="8" class="1001" name="const_8">
<pin_list>
<pin id="9" dir="1" index="0" bw="1" slack="2147483647"/>
</pin_list>
<bind>
<StgValue><ssdm name="_ssdm_op_SpecInterface"/></StgValue>
</bind>
</comp>

<comp id="10" class="1001" name="const_10">
<pin_list>
<pin id="11" dir="1" index="0" bw="1" slack="2147483647"/>
</pin_list>
<bind>
<StgValue><ssdm name="empty_11"/></StgValue>
</bind>
</comp>

<comp id="12" class="1001" name="const_12">
<pin_list>
<pin id="13" dir="1" index="0" bw="1" slack="2147483647"/>
</pin_list>
<bind>
<StgValue><ssdm name=""/></StgValue>
</bind>
</comp>

<comp id="14" class="1001" name="const_14">
<pin_list>
<pin id="15" dir="1" index="0" bw="1" slack="2147483647"/>
</pin_list>
<bind>
<StgValue><ssdm name="empty_0"/></StgValue>
</bind>
</comp>

<comp id="16" class="1001" name="const_16">
<pin_list>
<pin id="17" dir="1" index="0" bw="1" slack="2147483647"/>
</pin_list>
<bind>
<StgValue><ssdm name=""/></StgValue>
</bind>
</comp>

<comp id="18" class="1001" name="const_18">
<pin_list>
<pin id="19" dir="1" index="0" bw="1" slack="2147483647"/>
</pin_list>
<bind>
<StgValue><ssdm name="empty"/></StgValue>
</bind>
</comp>

<comp id="20" class="1001" name="const_20">
<pin_list>
<pin id="21" dir="1" index="0" bw="1" slack="2147483647"/>
</pin_list>
<bind>
<StgValue><ssdm name="empty_1"/></StgValue>
</bind>
</comp>

<comp id="22" class="1001" name="const_22">
<pin_list>
<pin id="23" dir="1" index="0" bw="1" slack="2147483647"/>
</pin_list>
<bind>
<StgValue><ssdm name="empty_2"/></StgValue>
</bind>
</comp>

<comp id="24" class="1001" name="const_24">
<pin_list>
<pin id="25" dir="1" index="0" bw="1" slack="2147483647"/>
</pin_list>
<bind>
<StgValue><ssdm name=""/></StgValue>
</bind>
</comp>

<comp id="26" class="1001" name="const_26">
<pin_list>
<pin id="27" dir="1" index="0" bw="1" slack="0"/>
</pin_list>
<bind>
<StgValue><ssdm name="_ssdm_op_Read.ap_auto.i64"/></StgValue>
</bind>
</comp>

<comp id="28" class="1001" name="const_28">
<pin_list>
<pin id="29" dir="1" index="0" bw="1" slack="0"/>
</pin_list>
<bind>
<StgValue><ssdm name=""/></StgValue>
</bind>
</comp>

<comp id="30" class="1001" name="const_30">
<pin_list>
<pin id="31" dir="1" index="0" bw="1" slack="0"/>
</pin_list>
<bind>
<StgValue><ssdm name=""/></StgValue>
</bind>
</comp>

<comp id="32" class="1001" name="const_32">
<pin_list>
<pin id="33" dir="1" index="0" bw="1" slack="0"/>
</pin_list>
<bind>
<StgValue><ssdm name=""/></StgValue>
</bind>
</comp>

<comp id="34" class="1001" name="const_34">
<pin_list>
<pin id="35" dir="1" index="0" bw="1" slack="0"/>
</pin_list>
<bind>
<StgValue><ssdm name=""/></StgValue>
</bind>
</comp>

<comp id="36" class="1001" name="const_36">
<pin_list>
<pin id="37" dir="1" index="0" bw="1" slack="0"/>
</pin_list>
<bind>
<StgValue><ssdm name=""/></StgValue>
</bind>
</comp>

<comp id="38" class="1001" name="const_38">
<pin_list>
<pin id="39" dir="1" index="0" bw="1" slack="0"/>
</pin_list>
<bind>
<StgValue><ssdm name="_ssdm_op_PartSelect.i63.i64.i32.i32"/></StgValue>
</bind>
</comp>

<comp id="40" class="1001" name="const_40">
<pin_list>
<pin id="41" dir="1" index="0" bw="1" slack="0"/>
</pin_list>
<bind>
<StgValue><ssdm name=""/></StgValue>
</bind>
</comp>

<comp id="42" class="1001" name="const_42">
<pin_list>
<pin id="43" dir="1" index="0" bw="1" slack="0"/>
</pin_list>
<bind>
<StgValue><ssdm name="_ssdm_op_ReadReq.m_axi.p1i16"/></StgValue>
</bind>
</comp>

<comp id="44" class="1001" name="const_44">
<pin_list>
<pin id="45" dir="1" index="0" bw="1" slack="0"/>
</pin_list>
<bind>
<StgValue><ssdm name=""/></StgValue>
</bind>
</comp>

<comp id="46" class="1001" name="const_46">
<pin_list>
<pin id="47" dir="1" index="0" bw="1" slack="0"/>
</pin_list>
<bind>
<StgValue><ssdm name="_ssdm_op_Read.m_axi.p1i16"/></StgValue>
</bind>
</comp>

<comp id="48" class="1001" name="const_48">
<pin_list>
<pin id="49" dir="1" index="0" bw="1" slack="2147483647"/>
</pin_list>
<bind>
<StgValue><ssdm name="_ssdm_op_SpecPipeline"/></StgValue>
</bind>
</comp>

<comp id="50" class="1001" name="const_50">
<pin_list>
<pin id="51" dir="1" index="0" bw="1" slack="2147483647"/>
</pin_list>
<bind>
<StgValue><ssdm name="_ssdm_op_SpecLoopTripCount"/></StgValue>
</bind>
</comp>

<comp id="52" class="1001" name="const_52">
<pin_list>
<pin id="53" dir="1" index="0" bw="1" slack="2147483647"/>
</pin_list>
<bind>
<StgValue><ssdm name="_ssdm_op_SpecLoopName"/></StgValue>
</bind>
</comp>

<comp id="54" class="1001" name="const_54">
<pin_list>
<pin id="55" dir="1" index="0" bw="1" slack="2147483647"/>
</pin_list>
<bind>
<StgValue><ssdm name="empty_17"/></StgValue>
</bind>
</comp>

<comp id="56" class="1001" name="const_56">
<pin_list>
<pin id="57" dir="1" index="0" bw="1" slack="0"/>
</pin_list>
<bind>
<StgValue><ssdm name="_ssdm_op_Write.ap_fifo.volatile.i16P0A"/></StgValue>
</bind>
</comp>

<comp id="58" class="1004" name="i1_fu_58">
<pin_list>
<pin id="59" dir="0" index="0" bw="1" slack="0"/>
<pin id="60" dir="1" index="1" bw="17" slack="0"/>
</pin_list>
<bind>
<opcode="alloca(26) " fcode="alloca"/>
<opset="i1/1 "/>
</bind>
</comp>

<comp id="62" class="1004" name="input_tensor_read_read_fu_62">
<pin_list>
<pin id="63" dir="0" index="0" bw="64" slack="0"/>
<pin id="64" dir="0" index="1" bw="64" slack="0"/>
<pin id="65" dir="1" index="2" bw="64" slack="1"/>
</pin_list>
<bind>
<opcode="read(1150) " fcode="read"/>
<opset="input_tensor_read/1 "/>
</bind>
</comp>

<comp id="68" class="1004" name="write_ln117_write_fu_68">
<pin_list>
<pin id="69" dir="0" index="0" bw="0" slack="0"/>
<pin id="70" dir="0" index="1" bw="16" slack="0"/>
<pin id="71" dir="0" index="2" bw="16" slack="1"/>
<pin id="72" dir="1" index="3" bw="0" slack="2147483647"/>
</pin_list>
<bind>
<opcode="write(1151) " fcode="write"/>
<opset="write_ln117/11 "/>
</bind>
</comp>

<comp id="75" class="1004" name="grp_readreq_fu_75">
<pin_list>
<pin id="76" dir="0" index="0" bw="1" slack="0"/>
<pin id="77" dir="0" index="1" bw="16" slack="0"/>
<pin id="78" dir="0" index="2" bw="18" slack="0"/>
<pin id="79" dir="1" index="3" bw="1" slack="2147483647"/>
</pin_list>
<bind>
<opcode="readreq(1154) " fcode="readreq"/>
<opset="empty/2 "/>
</bind>
</comp>

<comp id="82" class="1004" name="gmem0_addr_read_read_fu_82">
<pin_list>
<pin id="83" dir="0" index="0" bw="16" slack="0"/>
<pin id="84" dir="0" index="1" bw="16" slack="8"/>
<pin id="85" dir="1" index="2" bw="16" slack="1"/>
</pin_list>
<bind>
<opcode="read(1150) " fcode="read"/>
<opset="gmem0_addr_read/10 "/>
</bind>
</comp>

<comp id="87" class="1005" name="first_iter_0_reg_87">
<pin_list>
<pin id="88" dir="0" index="0" bw="1" slack="1"/>
<pin id="89" dir="1" index="1" bw="1" slack="2147483647"/>
</pin_list>
<bind>
<opset="first_iter_0 (phireg) "/>
</bind>
</comp>

<comp id="90" class="1004" name="first_iter_0_phi_fu_90">
<pin_list>
<pin id="91" dir="0" index="0" bw="1" slack="0"/>
<pin id="92" dir="0" index="1" bw="0" slack="2147483647"/>
<pin id="93" dir="0" index="2" bw="1" slack="0"/>
<pin id="94" dir="0" index="3" bw="0" slack="2147483647"/>
<pin id="95" dir="1" index="4" bw="1" slack="1"/>
</pin_list>
<bind>
<opcode="phi(47) " fcode="phi"/>
<opset="first_iter_0/1 "/>
</bind>
</comp>

<comp id="99" class="1004" name="store_ln0_store_fu_99">
<pin_list>
<pin id="100" dir="0" index="0" bw="1" slack="0"/>
<pin id="101" dir="0" index="1" bw="17" slack="0"/>
<pin id="102" dir="1" index="2" bw="0" slack="2147483647"/>
</pin_list>
<bind>
<opcode="store(28) " fcode="store"/>
<opset="store_ln0/1 "/>
</bind>
</comp>

<comp id="104" class="1004" name="i1_load_load_fu_104">
<pin_list>
<pin id="105" dir="0" index="0" bw="17" slack="0"/>
<pin id="106" dir="1" index="1" bw="17" slack="0"/>
</pin_list>
<bind>
<opcode="load(27) " fcode="load"/>
<opset="i1_load/1 "/>
</bind>
</comp>

<comp id="107" class="1004" name="i_fu_107">
<pin_list>
<pin id="108" dir="0" index="0" bw="17" slack="0"/>
<pin id="109" dir="0" index="1" bw="1" slack="0"/>
<pin id="110" dir="1" index="2" bw="17" slack="0"/>
</pin_list>
<bind>
<opcode="add(8) " fcode="add"/>
<opset="i/1 "/>
</bind>
</comp>

<comp id="113" class="1004" name="icmp_ln117_fu_113">
<pin_list>
<pin id="114" dir="0" index="0" bw="17" slack="0"/>
<pin id="115" dir="0" index="1" bw="17" slack="0"/>
<pin id="116" dir="1" index="2" bw="1" slack="1"/>
</pin_list>
<bind>
<opcode="icmp(45) " fcode="icmp"/>
<opset="icmp_ln117/1 "/>
</bind>
</comp>

<comp id="119" class="1004" name="store_ln117_store_fu_119">
<pin_list>
<pin id="120" dir="0" index="0" bw="17" slack="0"/>
<pin id="121" dir="0" index="1" bw="17" slack="0"/>
<pin id="122" dir="1" index="2" bw="0" slack="2147483647"/>
</pin_list>
<bind>
<opcode="store(28) " fcode="store"/>
<opset="store_ln117/1 "/>
</bind>
</comp>

<comp id="124" class="1004" name="trunc_ln_fu_124">
<pin_list>
<pin id="125" dir="0" index="0" bw="63" slack="0"/>
<pin id="126" dir="0" index="1" bw="64" slack="1"/>
<pin id="127" dir="0" index="2" bw="1" slack="0"/>
<pin id="128" dir="0" index="3" bw="7" slack="0"/>
<pin id="129" dir="1" index="4" bw="63" slack="0"/>
</pin_list>
<bind>
<opcode="partselect(1002) " fcode="partselect"/>
<opset="trunc_ln/2 "/>
</bind>
</comp>

<comp id="133" class="1004" name="sext_ln117_fu_133">
<pin_list>
<pin id="134" dir="0" index="0" bw="63" slack="0"/>
<pin id="135" dir="1" index="1" bw="64" slack="0"/>
</pin_list>
<bind>
<opcode="sext(35) " fcode="sext"/>
<opset="sext_ln117/2 "/>
</bind>
</comp>

<comp id="137" class="1004" name="gmem0_addr_fu_137">
<pin_list>
<pin id="138" dir="0" index="0" bw="64" slack="0"/>
<pin id="139" dir="0" index="1" bw="64" slack="0"/>
<pin id="140" dir="1" index="2" bw="64" slack="0"/>
</pin_list>
<bind>
<opcode="getelementptr(29) " fcode="getelementptr"/>
<opset="gmem0_addr/2 "/>
</bind>
</comp>

<comp id="144" class="1005" name="i1_reg_144">
<pin_list>
<pin id="145" dir="0" index="0" bw="17" slack="0"/>
<pin id="146" dir="1" index="1" bw="17" slack="0"/>
</pin_list>
<bind>
<opset="i1 "/>
</bind>
</comp>

<comp id="151" class="1005" name="input_tensor_read_reg_151">
<pin_list>
<pin id="152" dir="0" index="0" bw="64" slack="1"/>
<pin id="153" dir="1" index="1" bw="64" slack="1"/>
</pin_list>
<bind>
<opset="input_tensor_read "/>
</bind>
</comp>

<comp id="156" class="1005" name="icmp_ln117_reg_156">
<pin_list>
<pin id="157" dir="0" index="0" bw="1" slack="1"/>
<pin id="158" dir="1" index="1" bw="1" slack="2147483647"/>
</pin_list>
<bind>
<opset="icmp_ln117 "/>
</bind>
</comp>

<comp id="160" class="1005" name="gmem0_addr_reg_160">
<pin_list>
<pin id="161" dir="0" index="0" bw="16" slack="1"/>
<pin id="162" dir="1" index="1" bw="16" slack="1"/>
</pin_list>
<bind>
<opset="gmem0_addr "/>
</bind>
</comp>

<comp id="166" class="1005" name="gmem0_addr_read_reg_166">
<pin_list>
<pin id="167" dir="0" index="0" bw="16" slack="1"/>
<pin id="168" dir="1" index="1" bw="16" slack="1"/>
</pin_list>
<bind>
<opset="gmem0_addr_read "/>
</bind>
</comp>

</comp_list>

<net_list>
<net id="61"><net_src comp="6" pin="0"/><net_sink comp="58" pin=0"/></net>

<net id="66"><net_src comp="26" pin="0"/><net_sink comp="62" pin=0"/></net>

<net id="67"><net_src comp="0" pin="0"/><net_sink comp="62" pin=1"/></net>

<net id="73"><net_src comp="56" pin="0"/><net_sink comp="68" pin=0"/></net>

<net id="74"><net_src comp="4" pin="0"/><net_sink comp="68" pin=1"/></net>

<net id="80"><net_src comp="42" pin="0"/><net_sink comp="75" pin=0"/></net>

<net id="81"><net_src comp="44" pin="0"/><net_sink comp="75" pin=2"/></net>

<net id="86"><net_src comp="46" pin="0"/><net_sink comp="82" pin=0"/></net>

<net id="96"><net_src comp="30" pin="0"/><net_sink comp="90" pin=0"/></net>

<net id="97"><net_src comp="32" pin="0"/><net_sink comp="90" pin=2"/></net>

<net id="98"><net_src comp="90" pin="4"/><net_sink comp="87" pin=0"/></net>

<net id="103"><net_src comp="28" pin="0"/><net_sink comp="99" pin=0"/></net>

<net id="111"><net_src comp="104" pin="1"/><net_sink comp="107" pin=0"/></net>

<net id="112"><net_src comp="34" pin="0"/><net_sink comp="107" pin=1"/></net>

<net id="117"><net_src comp="104" pin="1"/><net_sink comp="113" pin=0"/></net>

<net id="118"><net_src comp="36" pin="0"/><net_sink comp="113" pin=1"/></net>

<net id="123"><net_src comp="107" pin="2"/><net_sink comp="119" pin=0"/></net>

<net id="130"><net_src comp="38" pin="0"/><net_sink comp="124" pin=0"/></net>

<net id="131"><net_src comp="6" pin="0"/><net_sink comp="124" pin=2"/></net>

<net id="132"><net_src comp="40" pin="0"/><net_sink comp="124" pin=3"/></net>

<net id="136"><net_src comp="124" pin="4"/><net_sink comp="133" pin=0"/></net>

<net id="141"><net_src comp="2" pin="0"/><net_sink comp="137" pin=0"/></net>

<net id="142"><net_src comp="133" pin="1"/><net_sink comp="137" pin=1"/></net>

<net id="143"><net_src comp="137" pin="2"/><net_sink comp="75" pin=1"/></net>

<net id="147"><net_src comp="58" pin="1"/><net_sink comp="144" pin=0"/></net>

<net id="148"><net_src comp="144" pin="1"/><net_sink comp="99" pin=1"/></net>

<net id="149"><net_src comp="144" pin="1"/><net_sink comp="104" pin=0"/></net>

<net id="150"><net_src comp="144" pin="1"/><net_sink comp="119" pin=1"/></net>

<net id="154"><net_src comp="62" pin="2"/><net_sink comp="151" pin=0"/></net>

<net id="155"><net_src comp="151" pin="1"/><net_sink comp="124" pin=1"/></net>

<net id="159"><net_src comp="113" pin="2"/><net_sink comp="156" pin=0"/></net>

<net id="163"><net_src comp="137" pin="2"/><net_sink comp="160" pin=0"/></net>

<net id="164"><net_src comp="160" pin="1"/><net_sink comp="75" pin=1"/></net>

<net id="165"><net_src comp="160" pin="1"/><net_sink comp="82" pin=1"/></net>

<net id="169"><net_src comp="82" pin="2"/><net_sink comp="166" pin=0"/></net>

<net id="170"><net_src comp="166" pin="1"/><net_sink comp="68" pin=2"/></net>

</net_list>

</model> 
---------------- Datapath Model END ------------------

* FSMD analyzer results:
  - Output states:
	Port: gmem0 | {}
	Port: input_stream | {11 }
 - Input state : 
	Port: Loop_VITIS_LOOP_117_1_proc : input_tensor | {1 }
	Port: Loop_VITIS_LOOP_117_1_proc : gmem0 | {2 3 4 5 6 7 8 9 10 }
  - Chain level:
	State 1
		store_ln0 : 1
		first_iter_0 : 1
		br_ln0 : 2
		i1_load : 1
		i : 2
		icmp_ln117 : 2
		store_ln117 : 3
		br_ln117 : 3
	State 2
		sext_ln117 : 1
		gmem0_addr : 2
		empty : 3
	State 3
	State 4
	State 5
	State 6
	State 7
	State 8
	State 9
	State 10
	State 11


============================================================
+ Verbose Summary: Datapath Resource usage 
============================================================

* Functional unit list:
|----------|------------------------------|---------|---------|
| Operation|        Functional Unit       |    FF   |   LUT   |
|----------|------------------------------|---------|---------|
|    add   |           i_fu_107           |    0    |    24   |
|----------|------------------------------|---------|---------|
|   icmp   |       icmp_ln117_fu_113      |    0    |    24   |
|----------|------------------------------|---------|---------|
|   read   | input_tensor_read_read_fu_62 |    0    |    0    |
|          |  gmem0_addr_read_read_fu_82  |    0    |    0    |
|----------|------------------------------|---------|---------|
|   write  |    write_ln117_write_fu_68   |    0    |    0    |
|----------|------------------------------|---------|---------|
|  readreq |       grp_readreq_fu_75      |    0    |    0    |
|----------|------------------------------|---------|---------|
|partselect|        trunc_ln_fu_124       |    0    |    0    |
|----------|------------------------------|---------|---------|
|   sext   |       sext_ln117_fu_133      |    0    |    0    |
|----------|------------------------------|---------|---------|
|   Total  |                              |    0    |    48   |
|----------|------------------------------|---------|---------|

Memories:
N/A

* Register list:
+-------------------------+--------+
|                         |   FF   |
+-------------------------+--------+
|   first_iter_0_reg_87   |    1   |
| gmem0_addr_read_reg_166 |   16   |
|    gmem0_addr_reg_160   |   16   |
|        i1_reg_144       |   17   |
|    icmp_ln117_reg_156   |    1   |
|input_tensor_read_reg_151|   64   |
+-------------------------+--------+
|          Total          |   115  |
+-------------------------+--------+

* Multiplexer (MUX) list: 
|-------------------|------|------|------|--------||---------||---------||---------|
|        Comp       |  Pin | Size |  BW  | S x BW ||  Delay  ||    FF   ||   LUT   |
|-------------------|------|------|------|--------||---------||---------||---------|
| grp_readreq_fu_75 |  p1  |   2  |  16  |   32   ||    0    ||    9    |
|-------------------|------|------|------|--------||---------||---------||---------|
|       Total       |      |      |      |   32   ||  0.427  ||    0    ||    9    |
|-------------------|------|------|------|--------||---------||---------||---------|



* Summary:
+-----------+--------+--------+--------+
|           |  Delay |   FF   |   LUT  |
+-----------+--------+--------+--------+
|  Function |    -   |    0   |   48   |
|   Memory  |    -   |    -   |    -   |
|Multiplexer|    0   |    0   |    9   |
|  Register |    -   |   115  |    -   |
+-----------+--------+--------+--------+
|   Total   |    0   |   115  |   57   |
+-----------+--------+--------+--------+
