

================================================================
== Vitis HLS Report for 'lenet_kernel_Pipeline_VITIS_LOOP_31_2'
================================================================
* Date:           Mon Mar 30 19:32:18 2026

* Version:        2025.1 (Build 6135595 on May 21 2025)
* Project:        hls_component
* Solution:       hls (Vivado IP Flow Target)
* Product family: zynquplus
* Target device:  xczu7ev-ffvc1156-2-e


================================================================
== Performance Estimates
================================================================
+ Timing: 
    * Summary: 
    +--------+----------+----------+------------+
    |  Clock |  Target  | Estimated| Uncertainty|
    +--------+----------+----------+------------+
    |ap_clk  |  10.00 ns|  7.300 ns|     2.70 ns|
    +--------+----------+----------+------------+

+ Latency: 
    * Summary: 
    +---------+---------+----------+----------+-----+-----+------------------------------------------------+
    |  Latency (cycles) |  Latency (absolute) |  Interval |                    Pipeline                    |
    |   min   |   max   |    min   |    max   | min | max |                      Type                      |
    +---------+---------+----------+----------+-----+-----+------------------------------------------------+
    |       13|       13|  0.130 us|  0.130 us|   11|   11|  loop auto-rewind stp (delay=0 clock cycles(s))|
    +---------+---------+----------+----------+-----+-----+------------------------------------------------+

    + Detail: 
        * Instance: 
        N/A

        * Loop: 
        +-------------------+---------+---------+----------+-----------+-----------+------+----------+
        |                   |  Latency (cycles) | Iteration|  Initiation Interval  | Trip |          |
        |     Loop Name     |   min   |   max   |  Latency |  achieved |   target  | Count| Pipelined|
        +-------------------+---------+---------+----------+-----------+-----------+------+----------+
        |- VITIS_LOOP_31_2  |       11|       11|         3|          1|          1|    10|       yes|
        +-------------------+---------+---------+----------+-----------+-----------+------+----------+



================================================================
== Utilization Estimates
================================================================
* Summary: 
+-----------------+---------+------+--------+--------+-----+
|       Name      | BRAM_18K|  DSP |   FF   |   LUT  | URAM|
+-----------------+---------+------+--------+--------+-----+
|DSP              |        -|     -|       -|       -|    -|
|Expression       |        -|     -|       0|      28|    -|
|FIFO             |        -|     -|       -|       -|    -|
|Instance         |        -|     -|       -|       -|    -|
|Memory           |        -|     -|       -|       -|    -|
|Multiplexer      |        -|     -|       0|      45|    -|
|Register         |        -|     -|      25|       -|    -|
+-----------------+---------+------+--------+--------+-----+
|Total            |        0|     0|      25|      73|    0|
+-----------------+---------+------+--------+--------+-----+
|Available        |      624|  1728|  460800|  230400|   96|
+-----------------+---------+------+--------+--------+-----+
|Utilization (%)  |        0|     0|      ~0|      ~0|    0|
+-----------------+---------+------+--------+--------+-----+

+ Detail: 
    * Instance: 
    N/A

    * DSP: 
    N/A

    * Memory: 
    N/A

    * FIFO: 
    N/A

    * Expression: 
    +---------------------------+----------+----+---+----+------------+------------+
    |       Variable Name       | Operation| DSP| FF| LUT| Bitwidth P0| Bitwidth P1|
    +---------------------------+----------+----+---+----+------------+------------+
    |add_ln31_fu_99_p2          |         +|   0|  0|  12|           4|           1|
    |ap_block_pp0_stage0_11001  |       and|   0|  0|   2|           1|           1|
    |icmp_ln31_fu_93_p2         |      icmp|   0|  0|  12|           4|           4|
    |ap_enable_pp0              |       xor|   0|  0|   2|           1|           2|
    +---------------------------+----------+----+---+----+------------+------------+
    |Total                      |          |   0|  0|  28|          10|           8|
    +---------------------------+----------+----+---+----+------------+------------+

    * Multiplexer: 
    +-------------------------+----+-----------+-----+-----------+
    |           Name          | LUT| Input Size| Bits| Total Bits|
    +-------------------------+----+-----------+-----+-----------+
    |ap_done_int              |   9|          2|    1|          2|
    |ap_enable_reg_pp0_iter1  |   9|          2|    1|          2|
    |ap_sig_allocacmp_i_1     |   9|          2|    4|          8|
    |gmem1_blk_n_W            |   9|          2|    1|          2|
    |i_fu_50                  |   9|          2|    4|          8|
    +-------------------------+----+-----------+-----+-----------+
    |Total                    |  45|         10|   11|         22|
    +-------------------------+----+-----------+-----+-----------+

    * Register: 
    +----------------------------------+----+----+-----+-----------+
    |               Name               | FF | LUT| Bits| Const Bits|
    +----------------------------------+----+----+-----+-----------+
    |ap_CS_fsm                         |   1|   0|    1|          0|
    |ap_done_reg                       |   1|   0|    1|          0|
    |ap_enable_reg_pp0_iter1           |   1|   0|    1|          0|
    |ap_enable_reg_pp0_iter2           |   1|   0|    1|          0|
    |ap_loop_exit_ready_pp0_iter1_reg  |   1|   0|    1|          0|
    |i_fu_50                           |   4|   0|    4|          0|
    |local_in_load_reg_142             |  16|   0|   16|          0|
    +----------------------------------+----+----+-----+-----------+
    |Total                             |  25|   0|   25|          0|
    +----------------------------------+----+----+-----+-----------+



================================================================
== Interface
================================================================
* Summary: 
+------------------------+-----+-----+------------+---------------------------------------+--------------+
|        RTL Ports       | Dir | Bits|  Protocol  |             Source Object             |    C Type    |
+------------------------+-----+-----+------------+---------------------------------------+--------------+
|ap_clk                  |   in|    1|  ap_ctrl_hs|  lenet_kernel_Pipeline_VITIS_LOOP_31_2|  return value|
|ap_rst                  |   in|    1|  ap_ctrl_hs|  lenet_kernel_Pipeline_VITIS_LOOP_31_2|  return value|
|ap_start                |   in|    1|  ap_ctrl_hs|  lenet_kernel_Pipeline_VITIS_LOOP_31_2|  return value|
|ap_done                 |  out|    1|  ap_ctrl_hs|  lenet_kernel_Pipeline_VITIS_LOOP_31_2|  return value|
|ap_idle                 |  out|    1|  ap_ctrl_hs|  lenet_kernel_Pipeline_VITIS_LOOP_31_2|  return value|
|ap_ready                |  out|    1|  ap_ctrl_hs|  lenet_kernel_Pipeline_VITIS_LOOP_31_2|  return value|
|m_axi_gmem1_0_AWVALID   |  out|    1|       m_axi|                                  gmem1|       pointer|
|m_axi_gmem1_0_AWREADY   |   in|    1|       m_axi|                                  gmem1|       pointer|
|m_axi_gmem1_0_AWADDR    |  out|   64|       m_axi|                                  gmem1|       pointer|
|m_axi_gmem1_0_AWID      |  out|    1|       m_axi|                                  gmem1|       pointer|
|m_axi_gmem1_0_AWLEN     |  out|   32|       m_axi|                                  gmem1|       pointer|
|m_axi_gmem1_0_AWSIZE    |  out|    3|       m_axi|                                  gmem1|       pointer|
|m_axi_gmem1_0_AWBURST   |  out|    2|       m_axi|                                  gmem1|       pointer|
|m_axi_gmem1_0_AWLOCK    |  out|    2|       m_axi|                                  gmem1|       pointer|
|m_axi_gmem1_0_AWCACHE   |  out|    4|       m_axi|                                  gmem1|       pointer|
|m_axi_gmem1_0_AWPROT    |  out|    3|       m_axi|                                  gmem1|       pointer|
|m_axi_gmem1_0_AWQOS     |  out|    4|       m_axi|                                  gmem1|       pointer|
|m_axi_gmem1_0_AWREGION  |  out|    4|       m_axi|                                  gmem1|       pointer|
|m_axi_gmem1_0_AWUSER    |  out|    1|       m_axi|                                  gmem1|       pointer|
|m_axi_gmem1_0_WVALID    |  out|    1|       m_axi|                                  gmem1|       pointer|
|m_axi_gmem1_0_WREADY    |   in|    1|       m_axi|                                  gmem1|       pointer|
|m_axi_gmem1_0_WDATA     |  out|   16|       m_axi|                                  gmem1|       pointer|
|m_axi_gmem1_0_WSTRB     |  out|    2|       m_axi|                                  gmem1|       pointer|
|m_axi_gmem1_0_WLAST     |  out|    1|       m_axi|                                  gmem1|       pointer|
|m_axi_gmem1_0_WID       |  out|    1|       m_axi|                                  gmem1|       pointer|
|m_axi_gmem1_0_WUSER     |  out|    1|       m_axi|                                  gmem1|       pointer|
|m_axi_gmem1_0_ARVALID   |  out|    1|       m_axi|                                  gmem1|       pointer|
|m_axi_gmem1_0_ARREADY   |   in|    1|       m_axi|                                  gmem1|       pointer|
|m_axi_gmem1_0_ARADDR    |  out|   64|       m_axi|                                  gmem1|       pointer|
|m_axi_gmem1_0_ARID      |  out|    1|       m_axi|                                  gmem1|       pointer|
|m_axi_gmem1_0_ARLEN     |  out|   32|       m_axi|                                  gmem1|       pointer|
|m_axi_gmem1_0_ARSIZE    |  out|    3|       m_axi|                                  gmem1|       pointer|
|m_axi_gmem1_0_ARBURST   |  out|    2|       m_axi|                                  gmem1|       pointer|
|m_axi_gmem1_0_ARLOCK    |  out|    2|       m_axi|                                  gmem1|       pointer|
|m_axi_gmem1_0_ARCACHE   |  out|    4|       m_axi|                                  gmem1|       pointer|
|m_axi_gmem1_0_ARPROT    |  out|    3|       m_axi|                                  gmem1|       pointer|
|m_axi_gmem1_0_ARQOS     |  out|    4|       m_axi|                                  gmem1|       pointer|
|m_axi_gmem1_0_ARREGION  |  out|    4|       m_axi|                                  gmem1|       pointer|
|m_axi_gmem1_0_ARUSER    |  out|    1|       m_axi|                                  gmem1|       pointer|
|m_axi_gmem1_0_RVALID    |   in|    1|       m_axi|                                  gmem1|       pointer|
|m_axi_gmem1_0_RREADY    |  out|    1|       m_axi|                                  gmem1|       pointer|
|m_axi_gmem1_0_RDATA     |   in|   16|       m_axi|                                  gmem1|       pointer|
|m_axi_gmem1_0_RLAST     |   in|    1|       m_axi|                                  gmem1|       pointer|
|m_axi_gmem1_0_RID       |   in|    1|       m_axi|                                  gmem1|       pointer|
|m_axi_gmem1_0_RFIFONUM  |   in|   10|       m_axi|                                  gmem1|       pointer|
|m_axi_gmem1_0_RUSER     |   in|    1|       m_axi|                                  gmem1|       pointer|
|m_axi_gmem1_0_RRESP     |   in|    2|       m_axi|                                  gmem1|       pointer|
|m_axi_gmem1_0_BVALID    |   in|    1|       m_axi|                                  gmem1|       pointer|
|m_axi_gmem1_0_BREADY    |  out|    1|       m_axi|                                  gmem1|       pointer|
|m_axi_gmem1_0_BRESP     |   in|    2|       m_axi|                                  gmem1|       pointer|
|m_axi_gmem1_0_BID       |   in|    1|       m_axi|                                  gmem1|       pointer|
|m_axi_gmem1_0_BUSER     |   in|    1|       m_axi|                                  gmem1|       pointer|
|sext_ln31               |   in|   63|     ap_none|                              sext_ln31|        scalar|
|local_in_address0       |  out|   10|   ap_memory|                               local_in|         array|
|local_in_ce0            |  out|    1|   ap_memory|                               local_in|         array|
|local_in_q0             |   in|   16|   ap_memory|                               local_in|         array|
+------------------------+-----+-----+------------+---------------------------------------+--------------+

